module tests/ast/hello.f3
  simple-expr-stmt <4:1-4:23>
    call-expr <4:1-4:22> () <4:8-4:22>
      path <4:1-4:7>
        segment <4:1-4:7> writeln
      literal str "hello world" <4:9-4:21>
