total size 10791 > 1947
   [path-segment(simple)(7)] 1568 (14.53%) > 28 (1.44%)
         [item(var-decl)(4)] 1312 (12.16%) > 32 (1.64%)
             [expr(lit)(10)] 800 (7.41%) > 80 (4.11%)
              [stmt(ret)(2)] 656 (6.08%) > 16 (0.82%)
    [type-ref(primitive)(6)] 624 (5.78%) > 48 (2.47%)
           [stmt(struct)(1)] 328 (3.04%) > 8 (0.41%)
              [item(use)(1)] 328 (3.04%) > 8 (0.41%)
            [item(while)(1)] 328 (3.04%) > 8 (0.41%)
               [stmt(fn)(1)] 328 (3.04%) > 8 (0.41%)
           [item(struct)(1)] 328 (3.04%) > 8 (0.41%)
               [item(fn)(1)] 328 (3.04%) > 8 (0.41%)
               [item(if)(1)] 328 (3.04%) > 8 (0.41%)
             [item(loop)(1)] 328 (3.04%) > 8 (0.41%)
           [expr(binary)(4)] 320 (2.97%) > 32 (1.64%)
              [lit-expr(20)] 320 (2.97%) > 320 (16.44%)
             [expr(path)(3)] 240 (2.22%) > 24 (1.23%)
          [generic-name(16)] 208 (1.93%) > 128 (6.57%)
                 [block(10)] 160 (1.48%) > 76 (3.90%)
             [expr(call)(2)] 160 (1.48%) > 16 (0.82%)
                  [path(10)] 160 (1.48%) > 88 (4.52%)
             [field-def(20)] 140 (1.30%) > 160 (8.22%)
           [binary-expr(20)] 132 (1.22%) > 100 (5.14%)
                [fn-def(14)] 128 (1.19%) > 76 (3.90%)
          [type-ref(ref)(1)] 104 (0.96%) > 8 (0.41%)
         [type-ref(path)(1)] 104 (0.96%) > 8 (0.41%)
              [call-expr(8)] 96 (0.89%) > 52 (2.67%)
    [path-segment-simple(7)] 84 (0.78%) > 84 (4.31%)
              [var-decl(20)] 84 (0.78%) > 116 (5.96%)
            [expr(unary)(1)] 80 (0.74%) > 8 (0.41%)
      [expr(range-right)(1)] 80 (0.74%) > 8 (0.41%)
       [expr(range-left)(1)] 80 (0.74%) > 8 (0.41%)
       [expr(range-full)(1)] 80 (0.74%) > 8 (0.41%)
            [expr(tuple)(1)] 80 (0.74%) > 8 (0.41%)
             [struct-def(6)] 64 (0.59%) > 52 (2.67%)
        [primitive-type(12)] 54 (0.50%) > 54 (2.77%)
             [tuple-expr(2)] 32 (0.30%) > 20 (1.03%)
                [if-stmt(4)] 32 (0.30%) > 20 (1.03%)
             [unary-expr(4)] 25 (0.23%) > 21 (1.08%)
              [loop-stmt(3)] 20 (0.19%) > 24 (1.23%)
               [use-stmt(3)] 20 (0.19%) > 24 (1.23%)
       [fn-def-parameter(3)] 20 (0.19%) > 24 (1.23%)
             [while-stmt(4)] 20 (0.19%) > 28 (1.44%)
       [range-right-expr(2)] 16 (0.15%) > 12 (0.62%)
        [range-left-expr(2)] 16 (0.15%) > 12 (0.62%)
               [ret-stmt(4)] 16 (0.15%) > 24 (1.23%)
               [ref-type(2)] 16 (0.15%) > 12 (0.62%)
              [if-clause(3)] 8 (0.07%) > 16 (0.82%)
        [range-full-expr(1)] 8 (0.07%) > 8 (0.41%)
module tests/ast/missing.f3
  var-def <3:1-3:16> const full <3:7-3:10>
    range-full-expr <3:14-3:15>
  var-def <4:1-4:21> const left <4:7-4:10>
    range-right-expr <4:14-4:20>
      binary-expr <4:16-4:20> + <4:18-4:18>
        literal i32 1 <4:16-4:16>
        literal i32 2 <4:20-4:20>
  var-def <5:1-5:24> const right <5:7-5:11>
    range-left-expr <5:15-5:22>
      binary-expr <5:15-5:19> * <5:17-5:17>
        literal i32 3 <5:15-5:15>
        literal i32 5 <5:19-5:19>
  use-stmt <7:1-7:12>
    path <7:5-7:11>
      segment <7:5-7:5> a
      segment <7:8-7:8> b
      segment <7:11-7:11> c
  var-def <8:1-8:32> mutable some_tuple <8:5-8:14>
    unary-expr <8:18-8:31> ! <8:18-8:18>
      tuple-expr <8:19-8:31>
        literal str "hello" <8:20-8:26>
        literal i32 42 <8:29-8:30>
  struct-def <10:1-14:1>
    generic-name <10:8-10:13> string <10:8-10:13>
    field-def <11:5-11:12> len <11:5-11:7> : <11:8-11:8>
      primitive-type u64 <11:10-11:12>
    field-def <12:5-12:12> cap <12:5-12:7> : <12:8-12:8>
      primitive-type u64 <12:10-12:12>
    field-def <13:5-13:13> data <13:5-13:8> : <13:9-13:9>
      ref-type <13:11-13:13>
        primitive-type u8 <13:12-13:13>
  if-stmt <16:1-17:1>
    if-clause <16:1-17:1>
      binary-expr <16:4-16:9> != <16:6-16:7>
        literal i32 1 <16:4-16:4>
        literal i32 1 <16:9-16:9>
      block <16:11-17:1>
  loop-stmt <18:1-19:1>
    block <18:6-19:1>
  while-stmt <20:1-21:1>
    literal bool true <20:7-20:10>
    block <20:12-21:1>
  fn-def <23:1-34:1> () <23:8-23:9>
    generic-name <23:4-23:7> main <23:4-23:7>
    block <23:11-34:1>
      struct-def <24:5-27:5>
        generic-name <24:12-24:17> source <24:12-24:17>
        field-def <25:9-25:15> id <25:9-25:10> : <25:11-25:11>
          primitive-type u32 <25:13-25:15>
        field-def <26:9-26:19> src <26:9-26:11> : <26:12-26:12>
          path <26:14-26:19>
            segment <26:14-26:19> string
      fn-def <29:5-31:5> () <29:18-29:25>
        generic-name <29:8-29:17> some_inner <29:8-29:17>
        fn-def-parameter <29:19-29:24> a <29:19-29:19>
          primitive-type i32 <29:22-29:24>
        primitive-type i32 <29:30-29:32>
        block <29:34-31:5>
          ret-stmt <30:9-30:21>
            binary-expr <30:16-30:20> * <30:18-30:18>
              literal i32 2 <30:16-30:16>
              path <30:20-30:20>
                segment <30:20-30:20> a
      ret-stmt <33:5-33:34>
        call-expr <33:12-33:33> () <33:22-33:33>
          path <33:12-33:21>
            segment <33:12-33:21> some_inner
          call-expr <33:23-33:32> () <33:31-33:32>
            path <33:23-33:30>
              segment <33:23-33:30> read_i32
